cargo :     Checking humidor v0.1.0 (C:\Projects\Humidor)
At line:1 char:1
+ cargo check 2>&1 | Out-File -FilePath "c:\Projects\Humidor\build-erro ...
+ ~~~~~~~~~~~~~~~~
    + CategoryInfo          : NotSpecified: (    Checking hu...ojects\Humidor):String) [], RemoteException
    + FullyQualifiedErrorId : NativeCommandError
 
    Finished `dev` profile [unoptimized] target(s) in 17.64s
